# 常用编程 tips

- is damaged and can’t be opened. You should move it to the Trash” Error on Mac

  ```code
  $ xattr -cr <appName>
  //例
  $ xattr -cr /Applications/MindNode.app
  ```

  参考文档:

  - https://osxdaily.com/2019/02/13/fix-app-damaged-cant-be-opened-trash-error-mac/
  - https://blog.niekun.net/archives/1680.html

- ssh 登录

  ```sh
  ssh root@<ip> -p <port>
  ssh root@14.22.237.141 -p 17950
  ```

- nvm 设置 node 默认版本

  ```sh
  nvm alias default 6.11.5
  ```

- [find](https://www.runoob.com/linux/linux-comm-find.html)

  语法: `find [path] [expression]`
  参数说明 :

  path 是要查找的目录路径，可以是一个目录或文件名，也可以是多个路径，多个路径之间用空格分隔，如果未指定路径，则默认为当前目录。

  expression 是可选参数，用于指定查找的条件，可以是文件名、文件类型、文件大小等等。

  查找当前目录下名为 file.txt 的文件：

  ```sh
  find . -name file.txt
  ```

  将当前目录及其子目录下所有文件后缀为 .json 的文件列出来:

  ```sh
  find . -name "*.json"
  ```

- [df](https://www.runoob.com/linux/linux-comm-df.html)

  df(disk free)命令用于显示目前在 Linux 系统上的文件系统磁盘使用情况统计。

  ```sh
  //-h:将容量格式以易读的形式展现出来(带上单位，如K， M， G)
  //-T: 显示文件系统的类型
  $ dh -hT
  =>
  Filesystem     Type      Size  Used Avail Use% Mounted on
  /dev/root      ext4      4.8G  3.3G  1.3G  74% /
  tmpfs          tmpfs     974M     0  974M   0% /dev/shm
  tmpfs          tmpfs     195M  1.3M  194M   1% /run
  tmpfs          tmpfs     195M  4.0K  195M   1% /run/user/0
  /dev/mmcblk0p1 vfat      124M   29M   95M  24% /run/media/mmcblk0p1
  /dev/nvme0n1   vfat      112G  772M  112G   1% /run/media/nvme0n1
  /dev/sda1      vfat      6.7G  310M  6.4G   5% /run/media/sda1
  ```

- [fdisk](https://www.runoob.com/linux/linux-comm-fdisk.html)

  用于查看分区情况，也可以进行分区操作。

  ```sh
  //-l:显示分区
  $ fdisk -l
  =>
  Disk /dev/mmcblk0: 7.5 GiB, 7566524416 bytes, 14778368 sectors
  Units: sectors of 1 * 512 = 512 bytes
  Sector size (logical/physical): 512 bytes / 512 bytes
  I/O size (minimum/optimal): 512 bytes / 512 bytes
  Disklabel type: dos
  Disk identifier: 0xcfcbb370

  Device         Boot  Start      End  Sectors  Size Id Type
  /dev/mmcblk0p1 *     16384   272383   256000  125M  c W95 FAT32 (LBA)
  /dev/mmcblk0p2      272384 10571775 10299392  4.9G 83 Linux


  Disk /dev/nvme0n1: 111.81 GiB, 120034123776 bytes, 234441648 sectors
  ```

- [du](https://www.runoob.com/linux/linux-comm-du.html)

  du(disk usage)命令用于显示目录或文件的大小。

  ```code
  //-h:将容量格式以易读的形式展现出来
  //递归的显示当前文件夹下各目录大小
  $ du -h
  =>
  4.0K	./test2
  8.0K	./test1/test3
  16K	./test1
  24K	.

  //--max-depth：计算的目录深度
  $ du -h --max-depth=1
  =>
  4.0K	./test2
  16K	./test1
  24K	.
  ```

- [ls](https://www.runoob.com/linux/linux-comm-ls.html)

  ls(list directory contents)命令用于显示指定工作目录下之内容(列出目前工作目录所含的文件及子目录)。

  - `-l`

    `-l`表示以长格式(会显示更多信息)显示文件和目录信息

    输出的第一列表示文件类型：l 表示符号链接，-表示普通文件。

    ```code

    $ ls -l
    =>
    -rw-r--r--  1 xinghunm  staff         0 Sep 22 13:07 1.txt
    lrwxrwxrwx@ 1 xinghunm  staff        38 Sep 18 12:05 npm -> ../lib/node_modules/npm/bin/npm-cli.js
    lrwxrwxrwx@ 1 xinghunm  staff        38 Sep 18 12:05 npx -> ../lib/node_modules/npm/bin/npx-cli.js
    ```

  - `-i`

    `-i`表示输出节点索引号(系统分配给每个文件的识别号):

    ```code
    $ ls -i
    =>
    //2889030为npm-cli.js的索引号
    2889030 npm-cli.js
    ```

- [mount](https://www.runoob.com/linux/linux-comm-mount.html)

  mount 命令将系统外的磁盘挂载到系统某个目录。

  ```sh
  将 /dev/hda1 挂在 /mnt目录 之下。

  $ mount /dev/hda1 /mnt
  ```
  
- 解压缩文件

  ```code
  //将test文件夹压缩为test.tar.gz
  //-c:新建打包压缩文件
  //-z:通过gzip指令压缩/解压缩文件，文件格式：*.tar.gz
  //-v:在压缩/解压缩过程中，显示正在处理的文件名或目录
  //-f:（压缩或解压时）指定要处理的压缩文件
  //-x: 解压文件
  tar -czvf test.tar.gz test

  tar –xvf test.tar //解压 tar包

  tar -xzvf test.tar.gz //解压tar.gz
  ```

- grep
